src/components/viewer/RcsPlotter.tsx(29,26): error TS2339: Property 'rcs' does not exist on type 'Performance'.
src/components/viewer/RcsPlotter.tsx(29,45): error TS2339: Property 'rcs' does not exist on type 'Performance'.
src/components/viewer/RcsPlotter.tsx(31,42): error TS2339: Property 'rcs' does not exist on type 'Performance'.
src/components/viewer/tabs/AeroTab.tsx(87,29): error TS7006: Parameter 'm' implicitly has an 'any' type.
src/components/viewer/tabs/AeroTab.tsx(87,32): error TS7006: Parameter 'i' implicitly has an 'any' type.
src/components/viewer/tabs/AeroTab.tsx(100,29): error TS7006: Parameter 'm' implicitly has an 'any' type.
src/components/viewer/tabs/AeroTab.tsx(100,32): error TS7006: Parameter 'machIdx' implicitly has an 'any' type.
src/components/viewer/tabs/AeroTab.tsx(102,31): error TS7006: Parameter 'a' implicitly has an 'any' type.
src/components/viewer/tabs/AeroTab.tsx(102,34): error TS7006: Parameter 'alphaIdx' implicitly has an 'any' type.
src/components/viewer/tabs/AeroTab.tsx(195,56): error TS7006: Parameter 'a' implicitly has an 'any' type.
src/components/viewer/tabs/AeroTab.tsx(195,59): error TS7006: Parameter 'i' implicitly has an 'any' type.
src/components/viewer/tabs/AeroTab.tsx(242,56): error TS7006: Parameter 'a' implicitly has an 'any' type.
src/components/viewer/tabs/AeroTab.tsx(242,59): error TS7006: Parameter 'i' implicitly has an 'any' type.
src/components/viewer/tabs/AeroTab.tsx(250,51): error TS7006: Parameter 'm' implicitly has an 'any' type.
src/components/viewer/tabs/AeroTab.tsx(250,54): error TS7006: Parameter 'i' implicitly has an 'any' type.
src/components/viewer/tabs/AeroTab.tsx(263,63): error TS7006: Parameter '_' implicitly has an 'any' type.
src/components/viewer/tabs/AeroTab.tsx(263,66): error TS7006: Parameter 'j' implicitly has an 'any' type.
src/components/viewer/tabs/AeroTab.tsx(286,51): error TS7006: Parameter 'm' implicitly has an 'any' type.
src/components/viewer/tabs/AeroTab.tsx(286,54): error TS7006: Parameter 'i' implicitly has an 'any' type.
src/components/viewer/tabs/TechTab.tsx(15,78): error TS2345: Argument of type 'string | undefined' is not assignable to parameter of type 'string'.
  Type 'undefined' is not assignable to type 'string'.
